// Jest Snapshot v1, https://goo.gl/fbAQLP

exports[`ToolTip.vue position bottom matches the snapshot 1`] = `
<div class="relative tooltip-bottom-wrapper">
  <div class="absolute z-50 tooltip-bottom" style="display: none;">
    <div class="tooltip text-white rounded py-2 px-3 whitespace-no-wrap"></div>
  </div>
</div>
`;

exports[`ToolTip.vue position left matches the snapshot 1`] = `
<div class="relative tooltip-left-wrapper">
  <div class="absolute z-50 tooltip-left" style="display: none;">
    <div class="tooltip text-white rounded py-2 px-3 whitespace-no-wrap"></div>
  </div>
</div>
`;

exports[`ToolTip.vue position right matches the snapshot 1`] = `
<div class="relative tooltip-right-wrapper">
  <div class="absolute z-50 tooltip-right" style="display: none;">
    <div class="tooltip text-white rounded py-2 px-3 whitespace-no-wrap"></div>
  </div>
</div>
`;

exports[`ToolTip.vue position top matches the snapshot 1`] = `
<div class="relative tooltip-top-wrapper">
  <div class="absolute z-50 tooltip-top" style="display: none;">
    <div class="tooltip text-white rounded py-2 px-3 whitespace-no-wrap"></div>
  </div>
</div>
`;
